---
source: rust/tests/test_nom_from_file.rs
expression: parsed
---
name: " LP format example"
sense: Minimize
objectives:
  obj:
    name: obj
    coefficients:
      - name: x
        value: 1
      - name: y
        value: 10
constraints:
  r01:
    type: Standard
    name: r01
    coefficients:
      - name: x
        value: 1
      - name: y
        value: 1
    operator: GTE
    rhs: 1
variables:
  x:
    name: x
    var_type: Free
  y:
    name: y
    var_type: Free
